ingress-nginx:
  controller:
    image:
      repository: registry.k8s.io/ingress-nginx/controllerasdasdasd
    admissionWebhooks:
      patch:
        image:
          repository: registry.k8s.io/ingress-nginx/kube-webhook-certgen
  defaultBackend:
    image:
      repository: registry.k8s.io/defaultbackend-amd64